// Jest Snapshot v1, https://goo.gl/fbAQLP

exports[`SearchBox Component should render properly 1`] = `
ShallowWrapper {
  "length": 1,
  Symbol(enzyme.__root__): [Circular],
  Symbol(enzyme.__unrendered__): <SearchBox />,
  Symbol(enzyme.__renderer__): Object {
    "batchedUpdates": [Function],
    "getNode": [Function],
    "render": [Function],
    "simulateEvent": [Function],
    "unmount": [Function],
  },
  Symbol(enzyme.__node__): Object {
    "instance": null,
    "key": undefined,
    "nodeType": "host",
    "props": Object {
      "children": <input
        aria-label="Search Robots"
        className="pa3 ba b--green bg-lightest-blue"
        onChange={undefined}
        placeholder="Search robots"
        type="text"
/>,
      "className": "pa2",
    },
    "ref": null,
    "rendered": Object {
      "instance": null,
      "key": undefined,
      "nodeType": "host",
      "props": Object {
        "aria-label": "Search Robots",
        "className": "pa3 ba b--green bg-lightest-blue",
        "onChange": undefined,
        "placeholder": "Search robots",
        "type": "text",
      },
      "ref": null,
      "rendered": null,
      "type": "input",
    },
    "type": "div",
  },
  Symbol(enzyme.__nodes__): Array [
    Object {
      "instance": null,
      "key": undefined,
      "nodeType": "host",
      "props": Object {
        "children": <input
          aria-label="Search Robots"
          className="pa3 ba b--green bg-lightest-blue"
          onChange={undefined}
          placeholder="Search robots"
          type="text"
/>,
        "className": "pa2",
      },
      "ref": null,
      "rendered": Object {
        "instance": null,
        "key": undefined,
        "nodeType": "host",
        "props": Object {
          "aria-label": "Search Robots",
          "className": "pa3 ba b--green bg-lightest-blue",
          "onChange": undefined,
          "placeholder": "Search robots",
          "type": "text",
        },
        "ref": null,
        "rendered": null,
        "type": "input",
      },
      "type": "div",
    },
  ],
  Symbol(enzyme.__options__): Object {
    "adapter": ReactSixteenAdapter {
      "options": Object {
        "enableComponentDidUpdateOnSetState": true,
      },
    },
  },
}
`;
